<?xml version="1.0" encoding="utf-8"?>
<TestRun id="865b9ef7-5531-494b-b3fa-148dcbb0a917" name="dave@TRAVLER 2025-10-02 00:48:54" runUser="TRAVLER\dave" xmlns="http://microsoft.com/schemas/VisualStudio/TeamTest/2010">
  <Times creation="2025-10-02T00:48:54.8482682-04:00" queuing="2025-10-02T00:48:54.8482694-04:00" start="2025-10-02T00:48:52.3475352-04:00" finish="2025-10-02T00:48:56.2987762-04:00" />
  <TestSettings name="default" id="89c8eefc-6585-4f5e-8cd0-428e7305fe1d">
    <Deployment runDeploymentRoot="dave_TRAVLER_2025-10-02_00_48_54" />
  </TestSettings>
  <Results>
    <UnitTestResult executionId="2b08d162-d047-42e9-bcfe-f2fb7e2d56a8" testId="f0252da6-d408-6966-fbfb-f25800e39c45" testName="HotshotLogistics.Tests.LocationTrackingRepositoryTests.GetByGeographicAreaAsync_ReturnsLocationTrackingRecordsWithinGeographicArea" computerName="TRAVLER" duration="00:00:00.1088255" startTime="2025-10-02T00:48:54.9565580-04:00" endTime="2025-10-02T00:48:55.0685840-04:00" testType="13cdc9d9-ddb5-4fa4-a97d-d965ccfc6d4b" outcome="Passed" testListId="8c84fa94-04c1-424b-9868-57a2d4851a1d" relativeResultsDirectory="2b08d162-d047-42e9-bcfe-f2fb7e2d56a8" />
    <UnitTestResult executionId="55bde8dd-1401-4460-b5a9-5c6883cc3738" testId="e008f84e-3b0f-3ed1-3fcd-4eb139ec33a9" testName="HotshotLogistics.Tests.LocationTrackingRepositoryTests.GetCountByJobIdAsync_ReturnsCorrectCountOfLocationTrackingRecordsForJob" computerName="TRAVLER" duration="00:00:00.0902165" startTime="2025-10-02T00:48:54.5757680-04:00" endTime="2025-10-02T00:48:54.6540926-04:00" testType="13cdc9d9-ddb5-4fa4-a97d-d965ccfc6d4b" outcome="Passed" testListId="8c84fa94-04c1-424b-9868-57a2d4851a1d" relativeResultsDirectory="55bde8dd-1401-4460-b5a9-5c6883cc3738" />
    <UnitTestResult executionId="775bd443-8ba6-4c1b-b9e8-b5c27b8e7c87" testId="e81d41a5-b5c7-8213-6b98-c92792464c0c" testName="HotshotLogistics.Tests.LocationTrackingRepositoryTests.DeleteOlderThanAsync_DeletesLocationTrackingRecordsOlderThanCutoffDate" computerName="TRAVLER" duration="00:00:00.1866313" startTime="2025-10-02T00:48:55.1534563-04:00" endTime="2025-10-02T00:48:55.3407896-04:00" testType="13cdc9d9-ddb5-4fa4-a97d-d965ccfc6d4b" outcome="Passed" testListId="8c84fa94-04c1-424b-9868-57a2d4851a1d" relativeResultsDirectory="775bd443-8ba6-4c1b-b9e8-b5c27b8e7c87" />
    <UnitTestResult executionId="bbbb33f1-a7b6-4e33-ac63-1537dd4ec26a" testId="e5ebb04d-172d-62d3-0c95-96b3a5ed62ed" testName="HotshotLogistics.Tests.LocationTrackingRepositoryTests.GetByDriverIdAsync_ReturnsLocationTrackingRecordsForCorrectDriver" computerName="TRAVLER" duration="00:00:00.0825209" startTime="2025-10-02T00:48:55.0689874-04:00" endTime="2025-10-02T00:48:55.1523303-04:00" testType="13cdc9d9-ddb5-4fa4-a97d-d965ccfc6d4b" outcome="Passed" testListId="8c84fa94-04c1-424b-9868-57a2d4851a1d" relativeResultsDirectory="bbbb33f1-a7b6-4e33-ac63-1537dd4ec26a" />
    <UnitTestResult executionId="deb1bfbb-7ce1-4cb5-9739-33fd76d090fe" testId="eb6184f8-bee9-f4ff-e5aa-548b994aa09b" testName="HotshotLogistics.Tests.LocationTrackingRepositoryTests.GetTotalDistanceByDriverIdAsync_ReturnsTotalDistanceForDriverWithinTimeRange" computerName="TRAVLER" duration="00:00:00.2253676" startTime="2025-10-02T00:48:55.8182495-04:00" endTime="2025-10-02T00:48:56.0419322-04:00" testType="13cdc9d9-ddb5-4fa4-a97d-d965ccfc6d4b" outcome="Passed" testListId="8c84fa94-04c1-424b-9868-57a2d4851a1d" relativeResultsDirectory="deb1bfbb-7ce1-4cb5-9739-33fd76d090fe" />
    <UnitTestResult executionId="5d56619e-f665-45b5-b915-139b77722532" testId="1dfc6b42-ac1f-e77c-6a3f-384fb94a02d2" testName="HotshotLogistics.Tests.LocationTrackingRepositoryTests.GetByJobIdAndTimeRangeAsync_ReturnsLocationTrackingRecordsWithinTimeRange" computerName="TRAVLER" duration="00:00:00.0947950" startTime="2025-10-02T00:48:54.7947189-04:00" endTime="2025-10-02T00:48:54.8905511-04:00" testType="13cdc9d9-ddb5-4fa4-a97d-d965ccfc6d4b" outcome="Passed" testListId="8c84fa94-04c1-424b-9868-57a2d4851a1d" relativeResultsDirectory="5d56619e-f665-45b5-b915-139b77722532" />
    <UnitTestResult executionId="b96bf6c6-7cc7-48a2-a1a8-74366425cfdc" testId="dd5f4dbe-e88e-63dd-810f-3178d18cf07a" testName="HotshotLogistics.Tests.LocationTrackingRepositoryTests.GetByDriverIdAndTimeRangeAsync_ReturnsLocationTrackingRecordsWithinTimeRange" computerName="TRAVLER" duration="00:00:00.1389691" startTime="2025-10-02T00:48:54.6545059-04:00" endTime="2025-10-02T00:48:54.7939690-04:00" testType="13cdc9d9-ddb5-4fa4-a97d-d965ccfc6d4b" outcome="Passed" testListId="8c84fa94-04c1-424b-9868-57a2d4851a1d" relativeResultsDirectory="b96bf6c6-7cc7-48a2-a1a8-74366425cfdc" />
    <UnitTestResult executionId="f4105d6e-c0e5-48fd-986e-d8b6fee4660a" testId="68a41e48-1e58-71e7-7c67-ca8d79b51b0f" testName="HotshotLogistics.Tests.LocationTrackingRepositoryTests.AddAsync_CreatesLocationTrackingRecordSuccessfully" computerName="TRAVLER" duration="00:00:00.0229900" startTime="2025-10-02T00:48:54.5398407-04:00" endTime="2025-10-02T00:48:54.5630032-04:00" testType="13cdc9d9-ddb5-4fa4-a97d-d965ccfc6d4b" outcome="Passed" testListId="8c84fa94-04c1-424b-9868-57a2d4851a1d" relativeResultsDirectory="f4105d6e-c0e5-48fd-986e-d8b6fee4660a" />
    <UnitTestResult executionId="088dad34-6bc8-4253-95a1-3364197eac9b" testId="2a627f25-0946-b75f-f55a-67d1e1bcd40c" testName="HotshotLogistics.Tests.LocationTrackingRepositoryTests.GetLatestByJobIdAsync_ReturnsLatestLocationTrackingRecordForJob" computerName="TRAVLER" duration="00:00:00.0974261" startTime="2025-10-02T00:48:54.4582065-04:00" endTime="2025-10-02T00:48:54.5389654-04:00" testType="13cdc9d9-ddb5-4fa4-a97d-d965ccfc6d4b" outcome="Passed" testListId="8c84fa94-04c1-424b-9868-57a2d4851a1d" relativeResultsDirectory="088dad34-6bc8-4253-95a1-3364197eac9b" />
    <UnitTestResult executionId="a587d251-71b0-45b8-84b6-3152d2194613" testId="a8f8b221-0977-b9ee-5453-ca56d31ca906" testName="HotshotLogistics.Tests.LocationTrackingRepositoryTests.GetLatestByDriverIdAsync_ReturnsLatestLocationTrackingRecordForDriver" computerName="TRAVLER" duration="00:00:00.0964578" startTime="2025-10-02T00:48:56.0426183-04:00" endTime="2025-10-02T00:48:56.1395489-04:00" testType="13cdc9d9-ddb5-4fa4-a97d-d965ccfc6d4b" outcome="Passed" testListId="8c84fa94-04c1-424b-9868-57a2d4851a1d" relativeResultsDirectory="a587d251-71b0-45b8-84b6-3152d2194613" />
    <UnitTestResult executionId="71c7dc83-b9cc-48d6-8d60-87b9331be89f" testId="0eb2c11d-f72f-2997-c2fb-6312e0343a64" testName="HotshotLogistics.Tests.LocationTrackingRepositoryTests.GetTotalDistanceByJobIdAsync_ReturnsTotalDistanceForJob" computerName="TRAVLER" duration="00:00:00.6305609" startTime="2025-10-02T00:48:53.7927400-04:00" endTime="2025-10-02T00:48:54.4388335-04:00" testType="13cdc9d9-ddb5-4fa4-a97d-d965ccfc6d4b" outcome="Passed" testListId="8c84fa94-04c1-424b-9868-57a2d4851a1d" relativeResultsDirectory="71c7dc83-b9cc-48d6-8d60-87b9331be89f" />
    <UnitTestResult executionId="a3da2613-5a75-4bfb-9390-ec15284213d6" testId="6afa0cdb-eb69-b5c4-aead-4244394c4320" testName="HotshotLogistics.Tests.LocationTrackingRepositoryTests.ExistsAsync_ReturnsTrueForExistingLocationTrackingRecord" computerName="TRAVLER" duration="00:00:00.0267470" startTime="2025-10-02T00:48:55.6247583-04:00" endTime="2025-10-02T00:48:55.6478115-04:00" testType="13cdc9d9-ddb5-4fa4-a97d-d965ccfc6d4b" outcome="Passed" testListId="8c84fa94-04c1-424b-9868-57a2d4851a1d" relativeResultsDirectory="a3da2613-5a75-4bfb-9390-ec15284213d6" />
    <UnitTestResult executionId="36cb78e9-1faf-4409-8838-57653ae99f8c" testId="ed4a2ae5-01f5-6464-0038-09a48911a023" testName="HotshotLogistics.Tests.LocationTrackingRepositoryTests.GetLatestByJobIdAsync_WithCount_ReturnsSpecifiedNumberOfLatestRecords" computerName="TRAVLER" duration="00:00:00.1602281" startTime="2025-10-02T00:48:55.3415162-04:00" endTime="2025-10-02T00:48:55.5075676-04:00" testType="13cdc9d9-ddb5-4fa4-a97d-d965ccfc6d4b" outcome="Passed" testListId="8c84fa94-04c1-424b-9868-57a2d4851a1d" relativeResultsDirectory="36cb78e9-1faf-4409-8838-57653ae99f8c" />
    <UnitTestResult executionId="fc43b7ee-b03e-427a-947e-c3bc359d097b" testId="c5514071-2cff-578c-bfd3-ebef46451efc" testName="HotshotLogistics.Tests.LocationTrackingRepositoryTests.AddBatchAsync_AddsMultipleLocationTrackingRecordsSuccessfully" computerName="TRAVLER" duration="00:00:00.1096208" startTime="2025-10-02T00:48:55.5082433-04:00" endTime="2025-10-02T00:48:55.6188454-04:00" testType="13cdc9d9-ddb5-4fa4-a97d-d965ccfc6d4b" outcome="Passed" testListId="8c84fa94-04c1-424b-9868-57a2d4851a1d" relativeResultsDirectory="fc43b7ee-b03e-427a-947e-c3bc359d097b" />
    <UnitTestResult executionId="d809940a-ad7b-4da8-91db-f0794003a28a" testId="c5b33f9f-d4c7-7169-b03b-9eefe631401e" testName="HotshotLogistics.Tests.LocationTrackingRepositoryTests.GetByJobIdAsync_ReturnsLocationTrackingRecordsForCorrectJob" computerName="TRAVLER" duration="00:00:00.1640494" startTime="2025-10-02T00:48:55.6484317-04:00" endTime="2025-10-02T00:48:55.8175248-04:00" testType="13cdc9d9-ddb5-4fa4-a97d-d965ccfc6d4b" outcome="Passed" testListId="8c84fa94-04c1-424b-9868-57a2d4851a1d" relativeResultsDirectory="d809940a-ad7b-4da8-91db-f0794003a28a" />
    <UnitTestResult executionId="cc6918c3-18fc-4256-95a0-676a4c5ab19e" testId="62b2f0c7-a1d0-9fe2-a857-3412091e883c" testName="HotshotLogistics.Tests.LocationTrackingRepositoryTests.GetByIdAsync_RetrievesLocationTrackingRecordSuccessfully" computerName="TRAVLER" duration="00:00:00.0402616" startTime="2025-10-02T00:48:54.8909806-04:00" endTime="2025-10-02T00:48:54.9317124-04:00" testType="13cdc9d9-ddb5-4fa4-a97d-d965ccfc6d4b" outcome="Passed" testListId="8c84fa94-04c1-424b-9868-57a2d4851a1d" relativeResultsDirectory="cc6918c3-18fc-4256-95a0-676a4c5ab19e" />
    <UnitTestResult executionId="5221240e-585c-4e13-a2b3-3bc0418c2534" testId="5f0527db-3326-b5f3-5542-f5af62e67572" testName="HotshotLogistics.Tests.LocationTrackingRepositoryTests.ExistsAsync_ReturnsFalseForNonExistingLocationTrackingRecord" computerName="TRAVLER" duration="00:00:00.0232126" startTime="2025-10-02T00:48:54.9321564-04:00" endTime="2025-10-02T00:48:54.9562174-04:00" testType="13cdc9d9-ddb5-4fa4-a97d-d965ccfc6d4b" outcome="Passed" testListId="8c84fa94-04c1-424b-9868-57a2d4851a1d" relativeResultsDirectory="5221240e-585c-4e13-a2b3-3bc0418c2534" />
  </Results>
  <TestDefinitions>
    <UnitTest name="HotshotLogistics.Tests.LocationTrackingRepositoryTests.GetTotalDistanceByDriverIdAsync_ReturnsTotalDistanceForDriverWithinTimeRange" storage="c:\git\bolt-hotshot-logistics\5-test\tests\hotshotlogistics.tests\bin\debug\net8.0\hotshotlogistics.tests.dll" id="eb6184f8-bee9-f4ff-e5aa-548b994aa09b">
      <Execution id="deb1bfbb-7ce1-4cb5-9739-33fd76d090fe" />
      <TestMethod codeBase="c:\git\bolt-hotshot-logistics\5-Test\tests\HotshotLogistics.Tests\bin\Debug\net8.0\HotshotLogistics.Tests.dll" adapterTypeName="executor://xunit/VsTestRunner3/netcore/" className="HotshotLogistics.Tests.LocationTrackingRepositoryTests" name="GetTotalDistanceByDriverIdAsync_ReturnsTotalDistanceForDriverWithinTimeRange" />
    </UnitTest>
    <UnitTest name="HotshotLogistics.Tests.LocationTrackingRepositoryTests.GetByJobIdAndTimeRangeAsync_ReturnsLocationTrackingRecordsWithinTimeRange" storage="c:\git\bolt-hotshot-logistics\5-test\tests\hotshotlogistics.tests\bin\debug\net8.0\hotshotlogistics.tests.dll" id="1dfc6b42-ac1f-e77c-6a3f-384fb94a02d2">
      <Execution id="5d56619e-f665-45b5-b915-139b77722532" />
      <TestMethod codeBase="c:\git\bolt-hotshot-logistics\5-Test\tests\HotshotLogistics.Tests\bin\Debug\net8.0\HotshotLogistics.Tests.dll" adapterTypeName="executor://xunit/VsTestRunner3/netcore/" className="HotshotLogistics.Tests.LocationTrackingRepositoryTests" name="GetByJobIdAndTimeRangeAsync_ReturnsLocationTrackingRecordsWithinTimeRange" />
    </UnitTest>
    <UnitTest name="HotshotLogistics.Tests.LocationTrackingRepositoryTests.GetLatestByDriverIdAsync_ReturnsLatestLocationTrackingRecordForDriver" storage="c:\git\bolt-hotshot-logistics\5-test\tests\hotshotlogistics.tests\bin\debug\net8.0\hotshotlogistics.tests.dll" id="a8f8b221-0977-b9ee-5453-ca56d31ca906">
      <Execution id="a587d251-71b0-45b8-84b6-3152d2194613" />
      <TestMethod codeBase="c:\git\bolt-hotshot-logistics\5-Test\tests\HotshotLogistics.Tests\bin\Debug\net8.0\HotshotLogistics.Tests.dll" adapterTypeName="executor://xunit/VsTestRunner3/netcore/" className="HotshotLogistics.Tests.LocationTrackingRepositoryTests" name="GetLatestByDriverIdAsync_ReturnsLatestLocationTrackingRecordForDriver" />
    </UnitTest>
    <UnitTest name="HotshotLogistics.Tests.LocationTrackingRepositoryTests.GetByGeographicAreaAsync_ReturnsLocationTrackingRecordsWithinGeographicArea" storage="c:\git\bolt-hotshot-logistics\5-test\tests\hotshotlogistics.tests\bin\debug\net8.0\hotshotlogistics.tests.dll" id="f0252da6-d408-6966-fbfb-f25800e39c45">
      <Execution id="2b08d162-d047-42e9-bcfe-f2fb7e2d56a8" />
      <TestMethod codeBase="c:\git\bolt-hotshot-logistics\5-Test\tests\HotshotLogistics.Tests\bin\Debug\net8.0\HotshotLogistics.Tests.dll" adapterTypeName="executor://xunit/VsTestRunner3/netcore/" className="HotshotLogistics.Tests.LocationTrackingRepositoryTests" name="GetByGeographicAreaAsync_ReturnsLocationTrackingRecordsWithinGeographicArea" />
    </UnitTest>
    <UnitTest name="HotshotLogistics.Tests.LocationTrackingRepositoryTests.ExistsAsync_ReturnsFalseForNonExistingLocationTrackingRecord" storage="c:\git\bolt-hotshot-logistics\5-test\tests\hotshotlogistics.tests\bin\debug\net8.0\hotshotlogistics.tests.dll" id="5f0527db-3326-b5f3-5542-f5af62e67572">
      <Execution id="5221240e-585c-4e13-a2b3-3bc0418c2534" />
      <TestMethod codeBase="c:\git\bolt-hotshot-logistics\5-Test\tests\HotshotLogistics.Tests\bin\Debug\net8.0\HotshotLogistics.Tests.dll" adapterTypeName="executor://xunit/VsTestRunner3/netcore/" className="HotshotLogistics.Tests.LocationTrackingRepositoryTests" name="ExistsAsync_ReturnsFalseForNonExistingLocationTrackingRecord" />
    </UnitTest>
    <UnitTest name="HotshotLogistics.Tests.LocationTrackingRepositoryTests.GetByIdAsync_RetrievesLocationTrackingRecordSuccessfully" storage="c:\git\bolt-hotshot-logistics\5-test\tests\hotshotlogistics.tests\bin\debug\net8.0\hotshotlogistics.tests.dll" id="62b2f0c7-a1d0-9fe2-a857-3412091e883c">
      <Execution id="cc6918c3-18fc-4256-95a0-676a4c5ab19e" />
      <TestMethod codeBase="c:\git\bolt-hotshot-logistics\5-Test\tests\HotshotLogistics.Tests\bin\Debug\net8.0\HotshotLogistics.Tests.dll" adapterTypeName="executor://xunit/VsTestRunner3/netcore/" className="HotshotLogistics.Tests.LocationTrackingRepositoryTests" name="GetByIdAsync_RetrievesLocationTrackingRecordSuccessfully" />
    </UnitTest>
    <UnitTest name="HotshotLogistics.Tests.LocationTrackingRepositoryTests.DeleteOlderThanAsync_DeletesLocationTrackingRecordsOlderThanCutoffDate" storage="c:\git\bolt-hotshot-logistics\5-test\tests\hotshotlogistics.tests\bin\debug\net8.0\hotshotlogistics.tests.dll" id="e81d41a5-b5c7-8213-6b98-c92792464c0c">
      <Execution id="775bd443-8ba6-4c1b-b9e8-b5c27b8e7c87" />
      <TestMethod codeBase="c:\git\bolt-hotshot-logistics\5-Test\tests\HotshotLogistics.Tests\bin\Debug\net8.0\HotshotLogistics.Tests.dll" adapterTypeName="executor://xunit/VsTestRunner3/netcore/" className="HotshotLogistics.Tests.LocationTrackingRepositoryTests" name="DeleteOlderThanAsync_DeletesLocationTrackingRecordsOlderThanCutoffDate" />
    </UnitTest>
    <UnitTest name="HotshotLogistics.Tests.LocationTrackingRepositoryTests.GetLatestByJobIdAsync_ReturnsLatestLocationTrackingRecordForJob" storage="c:\git\bolt-hotshot-logistics\5-test\tests\hotshotlogistics.tests\bin\debug\net8.0\hotshotlogistics.tests.dll" id="2a627f25-0946-b75f-f55a-67d1e1bcd40c">
      <Execution id="088dad34-6bc8-4253-95a1-3364197eac9b" />
      <TestMethod codeBase="c:\git\bolt-hotshot-logistics\5-Test\tests\HotshotLogistics.Tests\bin\Debug\net8.0\HotshotLogistics.Tests.dll" adapterTypeName="executor://xunit/VsTestRunner3/netcore/" className="HotshotLogistics.Tests.LocationTrackingRepositoryTests" name="GetLatestByJobIdAsync_ReturnsLatestLocationTrackingRecordForJob" />
    </UnitTest>
    <UnitTest name="HotshotLogistics.Tests.LocationTrackingRepositoryTests.AddBatchAsync_AddsMultipleLocationTrackingRecordsSuccessfully" storage="c:\git\bolt-hotshot-logistics\5-test\tests\hotshotlogistics.tests\bin\debug\net8.0\hotshotlogistics.tests.dll" id="c5514071-2cff-578c-bfd3-ebef46451efc">
      <Execution id="fc43b7ee-b03e-427a-947e-c3bc359d097b" />
      <TestMethod codeBase="c:\git\bolt-hotshot-logistics\5-Test\tests\HotshotLogistics.Tests\bin\Debug\net8.0\HotshotLogistics.Tests.dll" adapterTypeName="executor://xunit/VsTestRunner3/netcore/" className="HotshotLogistics.Tests.LocationTrackingRepositoryTests" name="AddBatchAsync_AddsMultipleLocationTrackingRecordsSuccessfully" />
    </UnitTest>
    <UnitTest name="HotshotLogistics.Tests.LocationTrackingRepositoryTests.GetTotalDistanceByJobIdAsync_ReturnsTotalDistanceForJob" storage="c:\git\bolt-hotshot-logistics\5-test\tests\hotshotlogistics.tests\bin\debug\net8.0\hotshotlogistics.tests.dll" id="0eb2c11d-f72f-2997-c2fb-6312e0343a64">
      <Execution id="71c7dc83-b9cc-48d6-8d60-87b9331be89f" />
      <TestMethod codeBase="c:\git\bolt-hotshot-logistics\5-Test\tests\HotshotLogistics.Tests\bin\Debug\net8.0\HotshotLogistics.Tests.dll" adapterTypeName="executor://xunit/VsTestRunner3/netcore/" className="HotshotLogistics.Tests.LocationTrackingRepositoryTests" name="GetTotalDistanceByJobIdAsync_ReturnsTotalDistanceForJob" />
    </UnitTest>
    <UnitTest name="HotshotLogistics.Tests.LocationTrackingRepositoryTests.GetLatestByJobIdAsync_WithCount_ReturnsSpecifiedNumberOfLatestRecords" storage="c:\git\bolt-hotshot-logistics\5-test\tests\hotshotlogistics.tests\bin\debug\net8.0\hotshotlogistics.tests.dll" id="ed4a2ae5-01f5-6464-0038-09a48911a023">
      <Execution id="36cb78e9-1faf-4409-8838-57653ae99f8c" />
      <TestMethod codeBase="c:\git\bolt-hotshot-logistics\5-Test\tests\HotshotLogistics.Tests\bin\Debug\net8.0\HotshotLogistics.Tests.dll" adapterTypeName="executor://xunit/VsTestRunner3/netcore/" className="HotshotLogistics.Tests.LocationTrackingRepositoryTests" name="GetLatestByJobIdAsync_WithCount_ReturnsSpecifiedNumberOfLatestRecords" />
    </UnitTest>
    <UnitTest name="HotshotLogistics.Tests.LocationTrackingRepositoryTests.ExistsAsync_ReturnsTrueForExistingLocationTrackingRecord" storage="c:\git\bolt-hotshot-logistics\5-test\tests\hotshotlogistics.tests\bin\debug\net8.0\hotshotlogistics.tests.dll" id="6afa0cdb-eb69-b5c4-aead-4244394c4320">
      <Execution id="a3da2613-5a75-4bfb-9390-ec15284213d6" />
      <TestMethod codeBase="c:\git\bolt-hotshot-logistics\5-Test\tests\HotshotLogistics.Tests\bin\Debug\net8.0\HotshotLogistics.Tests.dll" adapterTypeName="executor://xunit/VsTestRunner3/netcore/" className="HotshotLogistics.Tests.LocationTrackingRepositoryTests" name="ExistsAsync_ReturnsTrueForExistingLocationTrackingRecord" />
    </UnitTest>
    <UnitTest name="HotshotLogistics.Tests.LocationTrackingRepositoryTests.GetCountByJobIdAsync_ReturnsCorrectCountOfLocationTrackingRecordsForJob" storage="c:\git\bolt-hotshot-logistics\5-test\tests\hotshotlogistics.tests\bin\debug\net8.0\hotshotlogistics.tests.dll" id="e008f84e-3b0f-3ed1-3fcd-4eb139ec33a9">
      <Execution id="55bde8dd-1401-4460-b5a9-5c6883cc3738" />
      <TestMethod codeBase="c:\git\bolt-hotshot-logistics\5-Test\tests\HotshotLogistics.Tests\bin\Debug\net8.0\HotshotLogistics.Tests.dll" adapterTypeName="executor://xunit/VsTestRunner3/netcore/" className="HotshotLogistics.Tests.LocationTrackingRepositoryTests" name="GetCountByJobIdAsync_ReturnsCorrectCountOfLocationTrackingRecordsForJob" />
    </UnitTest>
    <UnitTest name="HotshotLogistics.Tests.LocationTrackingRepositoryTests.AddAsync_CreatesLocationTrackingRecordSuccessfully" storage="c:\git\bolt-hotshot-logistics\5-test\tests\hotshotlogistics.tests\bin\debug\net8.0\hotshotlogistics.tests.dll" id="68a41e48-1e58-71e7-7c67-ca8d79b51b0f">
      <Execution id="f4105d6e-c0e5-48fd-986e-d8b6fee4660a" />
      <TestMethod codeBase="c:\git\bolt-hotshot-logistics\5-Test\tests\HotshotLogistics.Tests\bin\Debug\net8.0\HotshotLogistics.Tests.dll" adapterTypeName="executor://xunit/VsTestRunner3/netcore/" className="HotshotLogistics.Tests.LocationTrackingRepositoryTests" name="AddAsync_CreatesLocationTrackingRecordSuccessfully" />
    </UnitTest>
    <UnitTest name="HotshotLogistics.Tests.LocationTrackingRepositoryTests.GetByDriverIdAsync_ReturnsLocationTrackingRecordsForCorrectDriver" storage="c:\git\bolt-hotshot-logistics\5-test\tests\hotshotlogistics.tests\bin\debug\net8.0\hotshotlogistics.tests.dll" id="e5ebb04d-172d-62d3-0c95-96b3a5ed62ed">
      <Execution id="bbbb33f1-a7b6-4e33-ac63-1537dd4ec26a" />
      <TestMethod codeBase="c:\git\bolt-hotshot-logistics\5-Test\tests\HotshotLogistics.Tests\bin\Debug\net8.0\HotshotLogistics.Tests.dll" adapterTypeName="executor://xunit/VsTestRunner3/netcore/" className="HotshotLogistics.Tests.LocationTrackingRepositoryTests" name="GetByDriverIdAsync_ReturnsLocationTrackingRecordsForCorrectDriver" />
    </UnitTest>
    <UnitTest name="HotshotLogistics.Tests.LocationTrackingRepositoryTests.GetByJobIdAsync_ReturnsLocationTrackingRecordsForCorrectJob" storage="c:\git\bolt-hotshot-logistics\5-test\tests\hotshotlogistics.tests\bin\debug\net8.0\hotshotlogistics.tests.dll" id="c5b33f9f-d4c7-7169-b03b-9eefe631401e">
      <Execution id="d809940a-ad7b-4da8-91db-f0794003a28a" />
      <TestMethod codeBase="c:\git\bolt-hotshot-logistics\5-Test\tests\HotshotLogistics.Tests\bin\Debug\net8.0\HotshotLogistics.Tests.dll" adapterTypeName="executor://xunit/VsTestRunner3/netcore/" className="HotshotLogistics.Tests.LocationTrackingRepositoryTests" name="GetByJobIdAsync_ReturnsLocationTrackingRecordsForCorrectJob" />
    </UnitTest>
    <UnitTest name="HotshotLogistics.Tests.LocationTrackingRepositoryTests.GetByDriverIdAndTimeRangeAsync_ReturnsLocationTrackingRecordsWithinTimeRange" storage="c:\git\bolt-hotshot-logistics\5-test\tests\hotshotlogistics.tests\bin\debug\net8.0\hotshotlogistics.tests.dll" id="dd5f4dbe-e88e-63dd-810f-3178d18cf07a">
      <Execution id="b96bf6c6-7cc7-48a2-a1a8-74366425cfdc" />
      <TestMethod codeBase="c:\git\bolt-hotshot-logistics\5-Test\tests\HotshotLogistics.Tests\bin\Debug\net8.0\HotshotLogistics.Tests.dll" adapterTypeName="executor://xunit/VsTestRunner3/netcore/" className="HotshotLogistics.Tests.LocationTrackingRepositoryTests" name="GetByDriverIdAndTimeRangeAsync_ReturnsLocationTrackingRecordsWithinTimeRange" />
    </UnitTest>
  </TestDefinitions>
  <TestEntries>
    <TestEntry testId="f0252da6-d408-6966-fbfb-f25800e39c45" executionId="2b08d162-d047-42e9-bcfe-f2fb7e2d56a8" testListId="8c84fa94-04c1-424b-9868-57a2d4851a1d" />
    <TestEntry testId="e008f84e-3b0f-3ed1-3fcd-4eb139ec33a9" executionId="55bde8dd-1401-4460-b5a9-5c6883cc3738" testListId="8c84fa94-04c1-424b-9868-57a2d4851a1d" />
    <TestEntry testId="e81d41a5-b5c7-8213-6b98-c92792464c0c" executionId="775bd443-8ba6-4c1b-b9e8-b5c27b8e7c87" testListId="8c84fa94-04c1-424b-9868-57a2d4851a1d" />
    <TestEntry testId="e5ebb04d-172d-62d3-0c95-96b3a5ed62ed" executionId="bbbb33f1-a7b6-4e33-ac63-1537dd4ec26a" testListId="8c84fa94-04c1-424b-9868-57a2d4851a1d" />
    <TestEntry testId="eb6184f8-bee9-f4ff-e5aa-548b994aa09b" executionId="deb1bfbb-7ce1-4cb5-9739-33fd76d090fe" testListId="8c84fa94-04c1-424b-9868-57a2d4851a1d" />
    <TestEntry testId="1dfc6b42-ac1f-e77c-6a3f-384fb94a02d2" executionId="5d56619e-f665-45b5-b915-139b77722532" testListId="8c84fa94-04c1-424b-9868-57a2d4851a1d" />
    <TestEntry testId="dd5f4dbe-e88e-63dd-810f-3178d18cf07a" executionId="b96bf6c6-7cc7-48a2-a1a8-74366425cfdc" testListId="8c84fa94-04c1-424b-9868-57a2d4851a1d" />
    <TestEntry testId="68a41e48-1e58-71e7-7c67-ca8d79b51b0f" executionId="f4105d6e-c0e5-48fd-986e-d8b6fee4660a" testListId="8c84fa94-04c1-424b-9868-57a2d4851a1d" />
    <TestEntry testId="2a627f25-0946-b75f-f55a-67d1e1bcd40c" executionId="088dad34-6bc8-4253-95a1-3364197eac9b" testListId="8c84fa94-04c1-424b-9868-57a2d4851a1d" />
    <TestEntry testId="a8f8b221-0977-b9ee-5453-ca56d31ca906" executionId="a587d251-71b0-45b8-84b6-3152d2194613" testListId="8c84fa94-04c1-424b-9868-57a2d4851a1d" />
    <TestEntry testId="0eb2c11d-f72f-2997-c2fb-6312e0343a64" executionId="71c7dc83-b9cc-48d6-8d60-87b9331be89f" testListId="8c84fa94-04c1-424b-9868-57a2d4851a1d" />
    <TestEntry testId="6afa0cdb-eb69-b5c4-aead-4244394c4320" executionId="a3da2613-5a75-4bfb-9390-ec15284213d6" testListId="8c84fa94-04c1-424b-9868-57a2d4851a1d" />
    <TestEntry testId="ed4a2ae5-01f5-6464-0038-09a48911a023" executionId="36cb78e9-1faf-4409-8838-57653ae99f8c" testListId="8c84fa94-04c1-424b-9868-57a2d4851a1d" />
    <TestEntry testId="c5514071-2cff-578c-bfd3-ebef46451efc" executionId="fc43b7ee-b03e-427a-947e-c3bc359d097b" testListId="8c84fa94-04c1-424b-9868-57a2d4851a1d" />
    <TestEntry testId="c5b33f9f-d4c7-7169-b03b-9eefe631401e" executionId="d809940a-ad7b-4da8-91db-f0794003a28a" testListId="8c84fa94-04c1-424b-9868-57a2d4851a1d" />
    <TestEntry testId="62b2f0c7-a1d0-9fe2-a857-3412091e883c" executionId="cc6918c3-18fc-4256-95a0-676a4c5ab19e" testListId="8c84fa94-04c1-424b-9868-57a2d4851a1d" />
    <TestEntry testId="5f0527db-3326-b5f3-5542-f5af62e67572" executionId="5221240e-585c-4e13-a2b3-3bc0418c2534" testListId="8c84fa94-04c1-424b-9868-57a2d4851a1d" />
  </TestEntries>
  <TestLists>
    <TestList name="Results Not in a List" id="8c84fa94-04c1-424b-9868-57a2d4851a1d" />
    <TestList name="All Loaded Results" id="19431567-8539-422a-85d7-44ee4e166bda" />
  </TestLists>
  <ResultSummary outcome="Completed">
    <Counters total="17" executed="17" passed="17" failed="0" error="0" timeout="0" aborted="0" inconclusive="0" passedButRunAborted="0" notRunnable="0" notExecuted="0" disconnected="0" warning="0" completed="0" inProgress="0" pending="0" />
    <Output>
      <StdOut>[xUnit.net 00:00:00.00] xUnit.net VSTest Adapter v3.1.4+50e68bbb8b (64-bit .NET 8.0.19)&#xD;
[xUnit.net 00:00:00.24]   Discovering: HotshotLogistics.Tests&#xD;
[xUnit.net 00:00:00.37]   Discovered:  HotshotLogistics.Tests&#xD;
[xUnit.net 00:00:00.42]   Starting:    HotshotLogistics.Tests&#xD;
[xUnit.net 00:00:02.82]   Finished:    HotshotLogistics.Tests&#xD;
</StdOut>
    </Output>
  </ResultSummary>
</TestRun>